../../Middlewares/ST/touchgfx/framework/include/touchgfx/Drawable.hpp:147:23:virtual touchgfx::Drawable* touchgfx::Drawable::getFirstChild()	0	static
../../Middlewares/ST/touchgfx/framework/include/touchgfx/Drawable.hpp:315:18:virtual void touchgfx::Drawable::setX(int16_t)	0	static
../../Middlewares/ST/touchgfx/framework/include/touchgfx/Drawable.hpp:327:18:virtual void touchgfx::Drawable::setY(int16_t)	0	static
../../Middlewares/ST/touchgfx/framework/include/touchgfx/Drawable.hpp:356:18:virtual void touchgfx::Drawable::setWidth(int16_t)	0	static
../../Middlewares/ST/touchgfx/framework/include/touchgfx/Drawable.hpp:368:18:virtual void touchgfx::Drawable::setHeight(int16_t)	0	static
../../Middlewares/ST/touchgfx/framework/include/touchgfx/Drawable.hpp:378:18:virtual void touchgfx::Drawable::childGeometryChanged()	0	static
../../Middlewares/ST/touchgfx/framework/include/touchgfx/Drawable.hpp:389:18:virtual void touchgfx::Drawable::handleClickEvent(const touchgfx::ClickEvent&)	0	static
../../Middlewares/ST/touchgfx/framework/include/touchgfx/Drawable.hpp:401:18:virtual void touchgfx::Drawable::handleGestureEvent(const touchgfx::GestureEvent&)	0	static
../../Middlewares/ST/touchgfx/framework/include/touchgfx/Drawable.hpp:490:18:virtual void touchgfx::Drawable::handleDragEvent(const touchgfx::DragEvent&)	0	static
../../Middlewares/ST/touchgfx/framework/include/touchgfx/Drawable.hpp:501:18:virtual void touchgfx::Drawable::handleTickEvent()	0	static
../../Middlewares/ST/touchgfx/framework/include/touchgfx/Drawable.hpp:588:18:virtual void touchgfx::Drawable::moveTo(int16_t, int16_t)	4	static
../../Middlewares/ST/touchgfx/framework/include/touchgfx/Drawable.hpp:703:18:virtual void touchgfx::Drawable::setupDrawChain(const touchgfx::Rect&, touchgfx::Drawable**)	0	static
../../Middlewares/ST/touchgfx/framework/include/touchgfx/Screen.hpp:93:18:virtual void touchgfx::Screen::setupScreen()	0	static
../../Middlewares/ST/touchgfx/framework/include/touchgfx/Screen.hpp:104:18:virtual void touchgfx::Screen::afterTransition()	0	static
../../Middlewares/ST/touchgfx/framework/include/touchgfx/Screen.hpp:115:18:virtual void touchgfx::Screen::tearDownScreen()	0	static
../../Middlewares/ST/touchgfx/framework/include/touchgfx/Screen.hpp:144:18:virtual void touchgfx::Screen::handleTickEvent()	0	static
../../Middlewares/ST/touchgfx/framework/include/touchgfx/Screen.hpp:154:18:virtual void touchgfx::Screen::handleKeyEvent(uint8_t)	0	static
../../Middlewares/ST/touchgfx/framework/include/touchgfx/widgets/Widget.hpp:45:18:virtual void touchgfx::Widget::getLastChild(int16_t, int16_t, touchgfx::Drawable**)	0	static
../../Middlewares/ST/touchgfx/framework/include/touchgfx/TypedText.hpp:65:13:touchgfx::TypedText::~TypedText()	0	static
../../Middlewares/ST/touchgfx/framework/include/mvp/View.hpp:36:7:touchgfx::View<Screen3Presenter>::~View()	0	static
C:/TouchGFXProjects/oby/TouchGFX/generated/gui_generated/src/screen3_screen/Screen3ViewBase.cpp:55:1:Screen3ViewBase::~Screen3ViewBase()	0	static
C:/TouchGFXProjects/oby/TouchGFX/generated/gui_generated/src/screen3_screen/Screen3ViewBase.cpp:60:6:virtual void Screen3ViewBase::setupScreen()	0	static
../../Middlewares/ST/touchgfx/framework/include/touchgfx/Callback.hpp:357:8:touchgfx::Callback<touchgfx::RadioButtonGroup<2>, const touchgfx::AbstractButton&, void, void>::~Callback()	0	static
../../Middlewares/ST/touchgfx/framework/include/touchgfx/widgets/RadioButtonGroup.hpp:53:13:touchgfx::RadioButtonGroup<CAPACITY>::~RadioButtonGroup() [with short unsigned int CAPACITY = 2]	0	static
../../Middlewares/ST/touchgfx/framework/include/touchgfx/Callback.hpp:357:8:touchgfx::Callback<Screen3ViewBase, const touchgfx::AbstractButton&>::~Callback()	0	static
../../Middlewares/ST/touchgfx/framework/include/touchgfx/Callback.hpp:386:18:void touchgfx::Callback<dest_type, T1, void, void>::execute(T1) [with dest_type = Screen3ViewBase; T1 = const touchgfx::AbstractButton&]	8	static
../../Middlewares/ST/touchgfx/framework/include/touchgfx/Callback.hpp:396:18:bool touchgfx::Callback<dest_type, T1, void, void>::isValid() const [with dest_type = Screen3ViewBase; T1 = const touchgfx::AbstractButton&]	0	static
../../Middlewares/ST/touchgfx/framework/include/touchgfx/widgets/RadioButtonGroup.hpp:78:26:touchgfx::RadioButton* touchgfx::RadioButtonGroup<CAPACITY>::getRadioButton(uint16_t) const [with short unsigned int CAPACITY = 2]	0	static
../../Middlewares/ST/touchgfx/framework/include/touchgfx/widgets/RadioButtonGroup.hpp:89:21:int32_t touchgfx::RadioButtonGroup<CAPACITY>::getSelectedRadioButtonIndex() const [with short unsigned int CAPACITY = 2]	8	static
../../Middlewares/ST/touchgfx/framework/include/touchgfx/widgets/RadioButtonGroup.hpp:107:26:touchgfx::RadioButton* touchgfx::RadioButtonGroup<CAPACITY>::getSelectedRadioButton() const [with short unsigned int CAPACITY = 2]	8	static
../../Middlewares/ST/touchgfx/framework/include/touchgfx/widgets/RadioButtonGroup.hpp:138:18:void touchgfx::RadioButtonGroup<CAPACITY>::setDeselectionEnabled(bool) [with short unsigned int CAPACITY = 2]	0	static
../../Middlewares/ST/touchgfx/framework/include/touchgfx/Callback.hpp:386:18:void touchgfx::Callback<dest_type, T1, void, void>::execute(T1) [with dest_type = touchgfx::RadioButtonGroup<2>; T1 = const touchgfx::AbstractButton&]	8	static
../../Middlewares/ST/touchgfx/framework/include/touchgfx/Callback.hpp:396:18:bool touchgfx::Callback<dest_type, T1, void, void>::isValid() const [with dest_type = touchgfx::RadioButtonGroup<2>; T1 = const touchgfx::AbstractButton&]	0	static
../../Middlewares/ST/touchgfx/framework/include/touchgfx/widgets/RadioButtonGroup.hpp:122:18:void touchgfx::RadioButtonGroup<CAPACITY>::setSelected(touchgfx::RadioButton&) [with short unsigned int CAPACITY = 2]	16	static
../../Middlewares/ST/touchgfx/framework/include/touchgfx/TypedText.hpp:65:13:virtual touchgfx::TypedText::~TypedText()	8	static
../../Middlewares/ST/touchgfx/framework/include/touchgfx/widgets/RadioButtonGroup.hpp:53:13:touchgfx::RadioButtonGroup<CAPACITY>::~RadioButtonGroup() [with short unsigned int CAPACITY = 2]	8	static
../../Middlewares/ST/touchgfx/framework/include/touchgfx/Callback.hpp:357:8:virtual touchgfx::Callback<touchgfx::RadioButtonGroup<2>, const touchgfx::AbstractButton&, void, void>::~Callback()	8	static
../../Middlewares/ST/touchgfx/framework/include/touchgfx/Callback.hpp:357:8:virtual touchgfx::Callback<Screen3ViewBase, const touchgfx::AbstractButton&>::~Callback()	8	static
../../Middlewares/ST/touchgfx/framework/include/mvp/View.hpp:36:7:virtual touchgfx::View<Screen3Presenter>::~View()	8	static
C:/TouchGFXProjects/oby/TouchGFX/generated/gui_generated/src/screen3_screen/Screen3ViewBase.cpp:55:1:virtual Screen3ViewBase::~Screen3ViewBase()	8	static
../../Middlewares/ST/touchgfx/framework/include/touchgfx/Drawable.hpp:121:18:virtual void touchgfx::Drawable::invalidateContent() const	0	static
../../Middlewares/ST/touchgfx/framework/include/touchgfx/widgets/RadioButtonGroup.hpp:227:18:void touchgfx::RadioButtonGroup<CAPACITY>::radioButtonDeselectedHandler(const touchgfx::AbstractButton&) [with short unsigned int CAPACITY = 2]	16	static
../../Middlewares/ST/touchgfx/framework/include/touchgfx/widgets/RadioButtonGroup.hpp:63:18:void touchgfx::RadioButtonGroup<CAPACITY>::add(touchgfx::RadioButton&) [with short unsigned int CAPACITY = 2]	8	static
../../Middlewares/ST/touchgfx/framework/include/touchgfx/widgets/RadioButtonGroup.hpp:153:18:bool touchgfx::RadioButtonGroup<CAPACITY>::getDeselectionEnabled() const [with short unsigned int CAPACITY = 2]	0	static
../../Middlewares/ST/touchgfx/framework/include/touchgfx/widgets/RadioButtonGroup.hpp:202:18:void touchgfx::RadioButtonGroup<CAPACITY>::radioButtonClickedHandler(const touchgfx::AbstractButton&) [with short unsigned int CAPACITY = 2]	16	static
C:/TouchGFXProjects/oby/TouchGFX/generated/gui_generated/src/screen3_screen/Screen3ViewBase.cpp:65:6:void Screen3ViewBase::radioButtonSelectedCallbackHandler(const touchgfx::AbstractButton&)	16	static
../../Middlewares/ST/touchgfx/framework/include/touchgfx/Drawable.hpp:343:10:void touchgfx::Drawable::setXY(int16_t, int16_t)	16	static
../../Middlewares/ST/touchgfx/framework/include/touchgfx/widgets/Widget.hpp:36:7:touchgfx::Widget::Widget()	0	static
../../Middlewares/ST/touchgfx/framework/include/touchgfx/widgets/RadioButton.hpp:41:5:touchgfx::RadioButton::RadioButton()	8	static
../../Middlewares/ST/touchgfx/framework/include/touchgfx/widgets/TextArea.hpp:43:5:touchgfx::TextArea::TextArea()	8	static
C:/TouchGFXProjects/oby/TouchGFX/generated/gui_generated/src/screen3_screen/Screen3ViewBase.cpp:9:1:Screen3ViewBase::Screen3ViewBase()	104	static
