../../Drivers/CMSIS/Include/core_cm7.h:2229:22:SCB_EnableICache	4	static,ignoring_inline_asm
../../Drivers/CMSIS/Include/core_cm7.h:2281:22:SCB_EnableDCache	24	static,ignoring_inline_asm
C:/TouchGFXProjects/oby/Core/Src/main.c:250:6:Delay_us	16	static
C:/TouchGFXProjects/oby/Core/Src/main.c:300:5:main	8	static
C:/TouchGFXProjects/oby/Core/Src/main.c:454:6:SystemClock_Config	216	static
C:/TouchGFXProjects/oby/Core/Src/main.c:526:13:MX_CRC_Init	8	static
C:/TouchGFXProjects/oby/Core/Src/main.c:557:13:MX_DMA2D_Init	8	static
C:/TouchGFXProjects/oby/Core/Src/main.c:594:13:MX_I2C1_Init	8	static
C:/TouchGFXProjects/oby/Core/Src/main.c:640:13:MX_I2C3_Init	8	static
C:/TouchGFXProjects/oby/Core/Src/main.c:686:13:MX_LTDC_Init	64	static
C:/TouchGFXProjects/oby/Core/Src/main.c:748:13:MX_QUADSPI_Init	8	static
C:/TouchGFXProjects/oby/Core/Src/main.c:786:13:MX_RTC_Init	40	static
C:/TouchGFXProjects/oby/Core/Src/main.c:848:13:MX_SDMMC1_SD_Init	4	static
C:/TouchGFXProjects/oby/Core/Src/main.c:876:13:MX_SPI5_Init	8	static
C:/TouchGFXProjects/oby/Core/Src/main.c:915:13:MX_TIM7_Init	24	static
C:/TouchGFXProjects/oby/Core/Src/main.c:953:13:MX_TIM14_Init	8	static
C:/TouchGFXProjects/oby/Core/Src/main.c:984:13:MX_USART6_UART_Init	8	static
C:/TouchGFXProjects/oby/Core/Src/main.c:1017:13:MX_DMA_Init	16	static
C:/TouchGFXProjects/oby/Core/Src/main.c:1040:13:MX_FMC_Init	40	static
C:/TouchGFXProjects/oby/Core/Src/main.c:1144:13:MX_GPIO_Init	72	static
C:/TouchGFXProjects/oby/Core/Src/main.c:1193:6:HAL_UART_RxCpltCallback	16	static
C:/TouchGFXProjects/oby/Core/Src/main.c:1204:6:HAL_SPI_RxCpltCallback	16	static
C:/TouchGFXProjects/oby/Core/Src/main.c:1220:13:TouchGFX_Task	16	static
C:/TouchGFXProjects/oby/Core/Src/main.c:1239:6:StartTask02	32	static
C:/TouchGFXProjects/oby/Core/Src/main.c:1306:6:StartTask03	104	static
C:/TouchGFXProjects/oby/Core/Src/main.c:1349:6:StartTask04	16	static
C:/TouchGFXProjects/oby/Core/Src/main.c:1373:6:StartTask05	16	static
C:/TouchGFXProjects/oby/Core/Src/main.c:1397:6:StartTask06	16	static
C:/TouchGFXProjects/oby/Core/Src/main.c:1432:6:StartTask07	16	static
C:/TouchGFXProjects/oby/Core/Src/main.c:1449:6:MPU_Config	24	static
C:/TouchGFXProjects/oby/Core/Src/main.c:1497:6:HAL_TIM_PeriodElapsedCallback	16	static
C:/TouchGFXProjects/oby/Core/Src/main.c:1519:6:Error_Handler	4	static
