C:/TouchGFXProjects/oby/Core/Src/stm32f7xx_hal_msp.c:71:6:HAL_MspInit	16	static
C:/TouchGFXProjects/oby/Core/Src/stm32f7xx_hal_msp.c:95:6:HAL_CRC_MspInit	24	static
C:/TouchGFXProjects/oby/Core/Src/stm32f7xx_hal_msp.c:117:6:HAL_CRC_MspDeInit	16	static
C:/TouchGFXProjects/oby/Core/Src/stm32f7xx_hal_msp.c:139:6:HAL_DMA2D_MspInit	24	static
C:/TouchGFXProjects/oby/Core/Src/stm32f7xx_hal_msp.c:164:6:HAL_DMA2D_MspDeInit	16	static
C:/TouchGFXProjects/oby/Core/Src/stm32f7xx_hal_msp.c:189:6:HAL_I2C_MspInit	56	static
C:/TouchGFXProjects/oby/Core/Src/stm32f7xx_hal_msp.c:254:6:HAL_I2C_MspDeInit	16	static
C:/TouchGFXProjects/oby/Core/Src/stm32f7xx_hal_msp.c:308:6:HAL_LTDC_MspInit	64	static
C:/TouchGFXProjects/oby/Core/Src/stm32f7xx_hal_msp.c:409:6:HAL_LTDC_MspDeInit	16	static
C:/TouchGFXProjects/oby/Core/Src/stm32f7xx_hal_msp.c:478:6:HAL_QSPI_MspInit	56	static
C:/TouchGFXProjects/oby/Core/Src/stm32f7xx_hal_msp.c:541:6:HAL_QSPI_MspDeInit	16	static
C:/TouchGFXProjects/oby/Core/Src/stm32f7xx_hal_msp.c:578:6:HAL_RTC_MspInit	16	static
C:/TouchGFXProjects/oby/Core/Src/stm32f7xx_hal_msp.c:600:6:HAL_RTC_MspDeInit	16	static
C:/TouchGFXProjects/oby/Core/Src/stm32f7xx_hal_msp.c:622:6:HAL_SD_MspInit	48	static
C:/TouchGFXProjects/oby/Core/Src/stm32f7xx_hal_msp.c:717:6:HAL_SD_MspDeInit	16	static
C:/TouchGFXProjects/oby/Core/Src/stm32f7xx_hal_msp.c:759:6:HAL_SPI_MspInit	48	static
C:/TouchGFXProjects/oby/Core/Src/stm32f7xx_hal_msp.c:829:6:HAL_SPI_MspDeInit	16	static
C:/TouchGFXProjects/oby/Core/Src/stm32f7xx_hal_msp.c:866:6:HAL_TIM_Base_MspInit	24	static
C:/TouchGFXProjects/oby/Core/Src/stm32f7xx_hal_msp.c:905:6:HAL_TIM_Base_MspDeInit	16	static
C:/TouchGFXProjects/oby/Core/Src/stm32f7xx_hal_msp.c:944:6:HAL_UART_MspInit	48	static
C:/TouchGFXProjects/oby/Core/Src/stm32f7xx_hal_msp.c:1005:6:HAL_UART_MspDeInit	16	static
C:/TouchGFXProjects/oby/Core/Src/stm32f7xx_hal_msp.c:1035:13:HAL_FMC_MspInit	32	static
C:/TouchGFXProjects/oby/Core/Src/stm32f7xx_hal_msp.c:1141:6:HAL_SDRAM_MspInit	16	static
C:/TouchGFXProjects/oby/Core/Src/stm32f7xx_hal_msp.c:1153:13:HAL_FMC_MspDeInit	8	static
C:/TouchGFXProjects/oby/Core/Src/stm32f7xx_hal_msp.c:1227:6:HAL_SDRAM_MspDeInit	16	static
