C:/TouchGFXProjects/oby/Core/Src/stm32f7xx_it.c:83:6:NMI_Handler	4	static
C:/TouchGFXProjects/oby/Core/Src/stm32f7xx_it.c:96:6:HardFault_Handler	8	static
C:/TouchGFXProjects/oby/Core/Src/stm32f7xx_it.c:111:6:MemManage_Handler	4	static
C:/TouchGFXProjects/oby/Core/Src/stm32f7xx_it.c:126:6:BusFault_Handler	4	static
C:/TouchGFXProjects/oby/Core/Src/stm32f7xx_it.c:141:6:UsageFault_Handler	4	static
C:/TouchGFXProjects/oby/Core/Src/stm32f7xx_it.c:156:6:DebugMon_Handler	4	static
C:/TouchGFXProjects/oby/Core/Src/stm32f7xx_it.c:176:6:I2C1_EV_IRQHandler	8	static
C:/TouchGFXProjects/oby/Core/Src/stm32f7xx_it.c:190:6:I2C1_ER_IRQHandler	8	static
C:/TouchGFXProjects/oby/Core/Src/stm32f7xx_it.c:204:6:TIM8_TRG_COM_TIM14_IRQHandler	8	static
C:/TouchGFXProjects/oby/Core/Src/stm32f7xx_it.c:218:6:SDMMC1_IRQHandler	8	static
C:/TouchGFXProjects/oby/Core/Src/stm32f7xx_it.c:232:6:TIM6_DAC_IRQHandler	8	static
C:/TouchGFXProjects/oby/Core/Src/stm32f7xx_it.c:246:6:TIM7_IRQHandler	8	static
C:/TouchGFXProjects/oby/Core/Src/stm32f7xx_it.c:260:6:DMA2_Stream1_IRQHandler	8	static
C:/TouchGFXProjects/oby/Core/Src/stm32f7xx_it.c:274:6:DMA2_Stream3_IRQHandler	8	static
C:/TouchGFXProjects/oby/Core/Src/stm32f7xx_it.c:288:6:DMA2_Stream5_IRQHandler	8	static
C:/TouchGFXProjects/oby/Core/Src/stm32f7xx_it.c:302:6:DMA2_Stream6_IRQHandler	8	static
C:/TouchGFXProjects/oby/Core/Src/stm32f7xx_it.c:316:6:USART6_IRQHandler	8	static
C:/TouchGFXProjects/oby/Core/Src/stm32f7xx_it.c:330:6:SPI5_IRQHandler	8	static
C:/TouchGFXProjects/oby/Core/Src/stm32f7xx_it.c:344:6:LTDC_IRQHandler	8	static
C:/TouchGFXProjects/oby/Core/Src/stm32f7xx_it.c:358:6:DMA2D_IRQHandler	8	static
