C:/TouchGFXProjects/oby/Core/Src/stm32f7xx_hal_msp.c:69:6:HAL_MspInit	8	static
C:/TouchGFXProjects/oby/Core/Src/stm32f7xx_hal_msp.c:93:6:HAL_CRC_MspInit	8	static
C:/TouchGFXProjects/oby/Core/Src/stm32f7xx_hal_msp.c:115:6:HAL_CRC_MspDeInit	0	static
C:/TouchGFXProjects/oby/Core/Src/stm32f7xx_hal_msp.c:137:6:HAL_DMA2D_MspInit	16	static
C:/TouchGFXProjects/oby/Core/Src/stm32f7xx_hal_msp.c:162:6:HAL_DMA2D_MspDeInit	0	static
C:/TouchGFXProjects/oby/Core/Src/stm32f7xx_hal_msp.c:187:6:HAL_I2C_MspInit	48	static
C:/TouchGFXProjects/oby/Core/Src/stm32f7xx_hal_msp.c:252:6:HAL_I2C_MspDeInit	8	static
C:/TouchGFXProjects/oby/Core/Src/stm32f7xx_hal_msp.c:306:6:HAL_LTDC_MspInit	64	static
C:/TouchGFXProjects/oby/Core/Src/stm32f7xx_hal_msp.c:407:6:HAL_LTDC_MspDeInit	8	static
C:/TouchGFXProjects/oby/Core/Src/stm32f7xx_hal_msp.c:476:6:HAL_QSPI_MspInit	64	static
C:/TouchGFXProjects/oby/Core/Src/stm32f7xx_hal_msp.c:539:6:HAL_QSPI_MspDeInit	8	static
C:/TouchGFXProjects/oby/Core/Src/stm32f7xx_hal_msp.c:576:6:HAL_RTC_MspInit	0	static
C:/TouchGFXProjects/oby/Core/Src/stm32f7xx_hal_msp.c:598:6:HAL_RTC_MspDeInit	0	static
C:/TouchGFXProjects/oby/Core/Src/stm32f7xx_hal_msp.c:620:6:HAL_SD_MspInit	56	static
C:/TouchGFXProjects/oby/Core/Src/stm32f7xx_hal_msp.c:715:6:HAL_SD_MspDeInit	8	static
C:/TouchGFXProjects/oby/Core/Src/stm32f7xx_hal_msp.c:757:6:HAL_SPI_MspInit	56	static
C:/TouchGFXProjects/oby/Core/Src/stm32f7xx_hal_msp.c:823:6:HAL_SPI_MspDeInit	8	static
C:/TouchGFXProjects/oby/Core/Src/stm32f7xx_hal_msp.c:859:6:HAL_TIM_Base_MspInit	16	static
C:/TouchGFXProjects/oby/Core/Src/stm32f7xx_hal_msp.c:898:6:HAL_TIM_Base_MspDeInit	0	static
C:/TouchGFXProjects/oby/Core/Src/stm32f7xx_hal_msp.c:937:6:HAL_UART_MspInit	40	static
C:/TouchGFXProjects/oby/Core/Src/stm32f7xx_hal_msp.c:976:6:HAL_UART_MspDeInit	8	static
C:/TouchGFXProjects/oby/Core/Src/stm32f7xx_hal_msp.c:1109:6:HAL_SDRAM_MspInit	48	static
C:/TouchGFXProjects/oby/Core/Src/stm32f7xx_hal_msp.c:1195:6:HAL_SDRAM_MspDeInit	8	static
